==15811== LEAK SUMMARY:
==15811==    definitely lost: 1,571 bytes in 13 blocks
==15811==    indirectly lost: 4,447 bytes in 21 blocks
==15811==      possibly lost: 6,296 bytes in 25 blocks
==15811==    still reachable: 173,173 bytes in 1,364 blocks
